// Jest Snapshot v1, https://goo.gl/fbAQLP

exports[`Main component should match component snapshot 1`] = `
<ContextProvider
  value={
    Object {
      "appContainerRef": Object {
        "current": null,
      },
      "currentRecord": Object {
        "get": [Function],
        "set": [Function],
      },
      "documentId": "standalone_doc",
      "fullscreen": false,
      "isQuipApp": false,
      "liveAppInstanceId": "standalone",
      "setActionsMenu": [Function],
      "setFullscreen": [Function],
    }
  }
>
  <ActionsMenu
    menu={null}
  >
    <div
      className="app-main main"
    >
      <ApolloApp />
    </div>
  </ActionsMenu>
</ContextProvider>
`;
