// Jest Snapshot v1, https://goo.gl/fbAQLP

exports[`Spinner component should match component snapshot 1`] = `
<span
  className="spinner  md"
/>
`;
