// Jest Snapshot v1, https://goo.gl/fbAQLP

exports[`ToastMessage component should match component snapshot 1`] = `""`;
